// Jest Snapshot v1, https://goo.gl/fbAQLP

exports[`AdvancedOptions should hide if not showing 1`] = `
<div>
  <EuiSmallButtonEmpty
    iconType="arrowRight"
    onClick={[Function]}
  >
    <FormattedMessage
      defaultMessage="Show advanced settings"
      id="indexPatternManagement.createIndexPattern.stepTime.options.showButton"
      values={Object {}}
    />
  </EuiSmallButtonEmpty>
  <EuiSpacer
    size="xs"
  />
</div>
`;

exports[`AdvancedOptions should render normally 1`] = `
<div>
  <EuiSmallButtonEmpty
    iconType="arrowDown"
    onClick={[Function]}
  >
    <FormattedMessage
      defaultMessage="Hide advanced settings"
      id="indexPatternManagement.createIndexPattern.stepTime.options.hideButton"
      values={Object {}}
    />
  </EuiSmallButtonEmpty>
  <EuiSpacer
    size="xs"
  />
  <EuiForm>
    <EuiCompressedFormRow
      describedByIds={Array []}
      display="rowCompressed"
      fullWidth={false}
      hasChildLabel={true}
      hasEmptyLabelSpace={false}
      helpText={
        <FormattedMessage
          defaultMessage="TLSOC will provide a unique identifier for each data view. If you do not want to use this unique ID, enter a custom one."
          id="indexPatternManagement.createIndexPattern.stepTime.options.patternLabel"
          values={Object {}}
        />
      }
      label={
        <FormattedMessage
          defaultMessage="Custom data view ID"
          id="indexPatternManagement.createIndexPattern.stepTime.options.patternHeader"
          values={Object {}}
        />
      }
      labelType="label"
    >
      <EuiCompressedFieldText
        data-test-subj="createIndexPatternIdInput"
        name="indexPatternId"
        onChange={[Function]}
        placeholder="custom-data-view-id"
        value="foobar"
      />
    </EuiCompressedFormRow>
  </EuiForm>
</div>
`;
